
--------------------------------------------------------------
*** Insert into AllergicSideEffect ***
14 side effects are inserted.

--------------------------------------------------------------
