
--------------------------------------------------------------
*** Insert into Vaccine ***
19 vaccines are inserted.

--------------------------------------------------------------
