
--------------------------------------------------------------
*** Insert into Seen ***
12 seens are inserted.

--------------------------------------------------------------
