
--------------------------------------------------------------
*** Insert into Vaccination ***
34 vaccinations are inserted.

--------------------------------------------------------------
