
--------------------------------------------------------------
*** Insert into User ***
22 users are inserted.

--------------------------------------------------------------
